// Vitest Snapshot v1, https://vitest.dev/guide/snapshot.html

exports[`BtnDropdown > renders properly in SSR mode 1`] = `"<div class=\\"v-application v-theme--light v-layout v-layout--full-height v-locale--is-ltr\\" style=\\"z-index:1000;\\"><div class=\\"v-application__wrap\\"><!--[--><div class=\\"v-layout\\" style=\\"z-index:900;position:relative;overflow:hidden;\\"><!--[--><footer class=\\"v-footer v-theme--light grow-0 flex-col items-start justify-center gap-4 bg-stone-600 p-10 text-stone-50 dark:bg-stone-800 md:flex-row md:gap-16\\" style=\\"height:auto;\\"><div><img alt=\\"Kanojo Logo\\" src=\\"/images/logo-dark.svg\\" class=\\"h-[48px]] w-[150px] object-contain\\"></div><div class=\\"flex flex-col gap-4 md:flex-row md:gap-36\\"><div class=\\"flex flex-col\\"><span class=\\"mb-2 font-bold\\">General</span><a class=\\"hover:text-secondary\\" href=\\"http://192.168.0.44/about\\">About Kanojo</a><a class=\\"hover:text-secondary\\" href=\\"http://192.168.0.44/plugins\\">Plugins</a><a class=\\"hover:text-secondary\\" href=\\"http://192.168.0.44/privacy-policy\\">Privacy Policy</a><a href=\\"http://developer.kanojodb.com\\" class=\\"hover:text-secondary\\">API</a></div><div class=\\"flex flex-col\\"><span class=\\"mb-2 font-bold\\">Contribute</span><a class=\\"hover:text-secondary\\" href=\\"https://hosted.weblate.org/projects/kanojo/website/\\">Help Translate Kanojo</a></div><div class=\\"flex flex-col\\"><span class=\\"mb-2 font-bold\\">Community</span><a href=\\"https://kanojo.sleekplan.app\\" class=\\"hover:text-secondary\\">Request Features</a><a href=\\"https://discord.gg/chg5KzTHHp\\" class=\\"hover:text-secondary\\">Discord</a><a href=\\"https://github.com/kanojo-db\\" class=\\"hover:text-secondary\\">GitHub</a><a rel=\\"me\\" href=\\"https://mastodon.social/@kanojodb\\" class=\\"hover:text-secondary\\">Mastodon</a><a href=\\"https://twitter.com/kanojodb\\" class=\\"hover:text-secondary\\">Twitter</a></div></div></footer><!--]--></div><!--]--></div></div>"`;
