// Vitest Snapshot v1, https://vitest.dev/guide/snapshot.html

exports[`MovieCard > renders properly in SSR mode 1`] = `"<a class=\\"relative block h-[250px] w-[100px] md:h-[435px] md:w-[200px]\\" href=\\"http://127.0.0.1/movies/abc-123\\"><div class=\\"flex flex-col flex-nowrap place-items-start\\"><div class=\\"flex aspect-[1/1.5] w-[100px] place-items-center justify-center rounded bg-stone-200 shadow-md md:w-[200px]\\"><svg viewBox=\\"0 0 24 24\\" width=\\"128\\" height=\\"128\\" class=\\"text-stone-300\\" color=\\"currentColor\\"><path fill=\\"currentColor\\" d=\\"M10 19h3v3h-3v-3m2-17c5.35.22 7.68 5.62 4.5 9.67c-.83 1-2.17 1.66-2.83 2.5C13 15 13 16 13 17h-3c0-1.67 0-3.08.67-4.08c.66-1 2-1.59 2.83-2.25C15.92 8.43 15.32 5.26 12 5a3 3 0 0 0-3 3H6a6 6 0 0 1 6-6Z\\"></path></svg></div><!--v-if--><div class=\\"relative flex flex-col flex-nowrap place-items-start pt-2 md:-top-10\\"><div class=\\"radial-progress text-primary bg-stone-200 font-black mr-2 hidden md:block\\" style=\\"--value:0;--size:4rem;--border-width:2px;\\" responsive><div class=\\"flex h-full items-center justify-center\\"><span class=\\"mb-1 text-stone-500\\"><!--[-->NR<!--]--></span></div></div><span class=\\"mt-4 text-sm md:text-base line-clamp-2 overflow-hidden overflow-ellipsis font-bold\\">Movie Title</span><span class=\\"mb-2\\">ABC-123</span></div></div></a>"`;
