// Vitest Snapshot v1, https://vitest.dev/guide/snapshot.html

exports[`Navbar > renders properly in SSR mode 1`] = `"<div class=\\"v-application v-theme--light v-layout v-layout--full-height v-locale--is-ltr\\" style=\\"z-index:1000;\\"><div class=\\"v-application__wrap\\"><!--[--><div class=\\"v-layout\\" style=\\"z-index:900;position:relative;overflow:hidden;\\"><!--[--><header class=\\"v-toolbar v-toolbar--flat v-toolbar--density-default v-theme--light v-locale--is-ltr v-app-bar bg-primary text-stone-50\\" style=\\"top:0;z-index:904;transform:translateY(0%);position:absolute;transition:none !important;\\"><!----><!--[--><div class=\\"v-toolbar__content\\" style=\\"height:64px;\\"><!----><!----><!--[--><button type=\\"button\\" class=\\"v-btn v-btn--icon v-theme--light v-btn--density-default v-btn--size-default v-btn--variant-text block md:hidden v-app-bar-nav-icon\\" style=\\"\\" aria-label=\\"Menu\\"><!--[--><span class=\\"v-btn__overlay\\"></span><span class=\\"v-btn__underlay\\"></span><!--]--><!----><span class=\\"v-btn__content\\" data-no-activator><i class=\\"v-icon notranslate v-theme--light v-icon--size-default\\" style=\\"\\" aria-hidden=\\"true\\"><svg viewBox=\\"0 0 24 24\\" width=\\"1.2em\\" height=\\"1.2em\\"><path fill=\\"currentColor\\" d=\\"M3 6h18v2H3V6m0 5h18v2H3v-2m0 5h18v2H3v-2Z\\"></path></svg></i></span><!----><!----></button><div class=\\"v-toolbar-title mr-2 max-w-[130px] v-app-bar-title\\" style=\\"\\"><div class=\\"v-toolbar-title__placeholder\\"><!----><!--[--><a href=\\"http://192.168.0.44/\\"><img alt=\\"Kanojo\\" src=\\"/images/logo-dark.svg\\" class=\\"h-[36px] w-[130px] object-contain\\"></a><!--]--></div></div><div class=\\"v-toolbar-items hidden w-fit gap-4 md:block\\" style=\\"\\"><!--[--><!--[--><!--[--><!--[--><button type=\\"button\\" class=\\"v-btn v-theme--light v-btn--density-default v-btn--size-default v-btn--variant-plain\\" style=\\"height:inherit;\\" aria-haspopup=\\"menu\\" aria-expanded=\\"false\\" aria-owns=\\"v-menu-2\\"><!--[--><span class=\\"v-btn__overlay\\"></span><span class=\\"v-btn__underlay\\"></span><!--]--><!----><span class=\\"v-btn__content\\" data-no-activator><!--[-->Movies<!--]--></span><!----><!----></button><!--]--><!----><!--]--><!--[--><!--[--><button type=\\"button\\" class=\\"v-btn v-theme--light v-btn--density-default v-btn--size-default v-btn--variant-plain\\" style=\\"height:inherit;\\" aria-haspopup=\\"menu\\" aria-expanded=\\"false\\" aria-owns=\\"v-menu-4\\"><!--[--><span class=\\"v-btn__overlay\\"></span><span class=\\"v-btn__underlay\\"></span><!--]--><!----><span class=\\"v-btn__content\\" data-no-activator><!--[-->Models<!--]--></span><!----><!----></button><!--]--><!----><!--]--><!--[--><!--[--><button type=\\"button\\" class=\\"v-btn v-theme--light v-btn--density-default v-btn--size-default v-btn--variant-plain\\" style=\\"height:inherit;\\" aria-haspopup=\\"menu\\" aria-expanded=\\"false\\" aria-owns=\\"v-menu-6\\"><!--[--><span class=\\"v-btn__overlay\\"></span><span class=\\"v-btn__underlay\\"></span><!--]--><!----><span class=\\"v-btn__content\\" data-no-activator><!--[-->Studios<!--]--></span><!----><!----></button><!--]--><!----><!--]--><!--]--><!--]--></div><!--]--><div class=\\"v-toolbar__append\\"><!--[--><div class=\\"flex flex-row items-center gap-4\\"><!--[--><!--[--><button type=\\"button\\" class=\\"v-btn v-btn--icon v-theme--light v-btn--density-default v-btn--rounded v-btn--size-default v-btn--variant-plain\\" style=\\"\\" aria-haspopup=\\"menu\\" aria-expanded=\\"false\\" aria-owns=\\"v-menu-8\\" aria-label=\\"Add\\"><!--[--><span class=\\"v-btn__overlay\\"></span><span class=\\"v-btn__underlay\\"></span><!--]--><!----><span class=\\"v-btn__content\\" data-no-activator><i class=\\"v-icon notranslate v-theme--light v-icon--size-default\\" style=\\"\\" aria-hidden=\\"true\\"><svg viewBox=\\"0 0 24 24\\" width=\\"1.2em\\" height=\\"1.2em\\"><path fill=\\"currentColor\\" d=\\"M19 13h-6v6h-2v-6H5v-2h6V5h2v6h6v2Z\\"></path></svg></i></span><!----><!----></button><!--]--><!----><!--]--><!--[--><!--[--><button type=\\"button\\" class=\\"v-btn v-btn--icon v-theme--light v-btn--density-default v-btn--size-default v-btn--variant-tonal rounded-none font-black\\" style=\\"\\" aria-haspopup=\\"menu\\" aria-expanded=\\"false\\" aria-owns=\\"v-menu-10\\"><!--[--><span class=\\"v-btn__overlay\\"></span><span class=\\"v-btn__underlay\\"></span><!--]--><!----><span class=\\"v-btn__content\\" data-no-activator><!--[-->EN<!--]--></span><!----><!----></button><!--]--><!----><!--]--><!--[--><a class=\\"v-btn v-theme--light v-btn--density-default v-btn--size-default v-btn--variant-plain hidden lg:flex\\" style=\\"\\"><!--[--><span class=\\"v-btn__overlay\\"></span><span class=\\"v-btn__underlay\\"></span><!--]--><!----><span class=\\"v-btn__content\\" data-no-activator><!--[--><!--[-->Login<!--]--><!--]--></span><!----><!----></a><a class=\\"v-btn v-theme--light v-btn--density-default v-btn--size-default v-btn--variant-plain hidden lg:flex\\" style=\\"\\"><!--[--><span class=\\"v-btn__overlay\\"></span><span class=\\"v-btn__underlay\\"></span><!--]--><!----><span class=\\"v-btn__content\\" data-no-activator><!--[--><!--[-->Register<!--]--><!--]--></span><!----><!----></a><!--[--><!--[--><button type=\\"button\\" class=\\"v-btn v-btn--icon v-theme--light v-btn--density-default v-btn--size-default v-btn--variant-text lg:hidden\\" style=\\"\\" aria-label=\\"Open user menu\\" aria-haspopup=\\"menu\\" aria-expanded=\\"false\\" aria-owns=\\"v-menu-14\\"><!--[--><span class=\\"v-btn__overlay\\"></span><span class=\\"v-btn__underlay\\"></span><!--]--><!----><span class=\\"v-btn__content\\" data-no-activator><i class=\\"v-icon notranslate v-theme--light v-icon--size-default\\" style=\\"\\" aria-hidden=\\"true\\"><svg viewBox=\\"0 0 24 24\\" width=\\"1.2em\\" height=\\"1.2em\\"><path fill=\\"currentColor\\" d=\\"M12 4a4 4 0 0 1 4 4a4 4 0 0 1-4 4a4 4 0 0 1-4-4a4 4 0 0 1 4-4m0 10c4.42 0 8 1.79 8 4v2H4v-2c0-2.21 3.58-4 8-4Z\\"></path></svg></i></span><!----><!----></button><!--]--><!----><!--]--><!--]--><button type=\\"button\\" class=\\"v-btn v-btn--icon v-theme--light v-btn--density-default v-btn--size-default v-btn--variant-plain\\" style=\\"\\" aria-label=\\"Open search\\"><!--[--><span class=\\"v-btn__overlay\\"></span><span class=\\"v-btn__underlay\\"></span><!--]--><!----><span class=\\"v-btn__content\\" data-no-activator><i class=\\"v-icon notranslate v-theme--light v-icon--size-default\\" style=\\"\\" aria-hidden=\\"true\\"><svg viewBox=\\"0 0 24 24\\" width=\\"1.2em\\" height=\\"1.2em\\"><path fill=\\"currentColor\\" d=\\"M9.5 3A6.5 6.5 0 0 1 16 9.5c0 1.61-.59 3.09-1.56 4.23l.27.27h.79l5 5l-1.5 1.5l-5-5v-.79l-.27-.27A6.516 6.516 0 0 1 9.5 16A6.5 6.5 0 0 1 3 9.5A6.5 6.5 0 0 1 9.5 3m0 2C7 5 5 7 5 9.5S7 14 9.5 14S14 12 14 9.5S12 5 9.5 5Z\\"></path></svg></i></span><!----><!----></button></div><!--]--></div></div><!--]--><!--[--><transition-stub name=\\"expand-transition\\" appear=\\"false\\" persisted=\\"false\\" css=\\"true\\"><div class=\\"v-toolbar__extension\\" style=\\"height:0px;\\"><!--[--><!--v-if--><!--]--></div></transition-stub><!--]--></header><!--]--></div><!--]--></div></div>"`;
